
Memory Configuration

Name             Origin             Length             Attributes
FLASH            0x0000000008000000 0x0000000000100000 xr
SRAM1            0x0000000020000000 0x0000000000018000 xrw
SRAM2            0x0000000010000000 0x0000000000008000 xrw
*default*        0x0000000000000000 0xffffffffffffffff

Linker script and memory map

LOAD main.o
LOAD stm32_startup.o

.text           0x0000000008000000      0x300
 *(.isr_vector)
 .isr_vector    0x0000000008000000      0x188 stm32_startup.o
                0x0000000008000000                vectors
 *(.text)
 .text          0x0000000008000188       0xe0 main.o
                0x0000000008000188                delay
                0x00000000080001b4                main
 .text          0x0000000008000268       0x90 stm32_startup.o
                0x0000000008000268                EXTI2_IRQHandler
                0x0000000008000268                TIM8_TRG_COM_IRQHandler
                0x0000000008000268                TIM8_CC_IRQHandler
                0x0000000008000268                SVCall_Handler
                0x0000000008000268                DMA1_CH4_IRQHandler
                0x0000000008000268                TIM1_CC_IRQHandler
                0x0000000008000268                TSC_IRQHandler
                0x0000000008000268                HardFault_Handler
                0x0000000008000268                SysTick_Handler
                0x0000000008000268                PendSV_Handler
                0x0000000008000268                NMI_Handler
                0x0000000008000268                EXTI3_IRQHandler
                0x0000000008000268                LPTIM2_IRQHandler
                0x0000000008000268                DFSDM1_FLT1_IRQHandler
                0x0000000008000268                I2C3_ER_IRQHandler
                0x0000000008000268                DFSDM1_FLT2_IRQHandler
                0x0000000008000268                TIM6_DACUNDER_IRQHandler
                0x0000000008000268                EXTI0_IRQHandler
                0x0000000008000268                I2C2_EV_IRQHandler
                0x0000000008000268                DMA2_CH1_IRQHandler
                0x0000000008000268                CAN1_RX0_IRQHandler
                0x0000000008000268                FPU_IRQHandler
                0x0000000008000268                TIM1_UP_TIM16_IRQHandler
                0x0000000008000268                DMA2_CH7_IRQHandler
                0x0000000008000268                UsageFault_Handler
                0x0000000008000268                ADC1_2_IRQHandler
                0x0000000008000268                SPI1_IRQHandler
                0x0000000008000268                DMA1_CH7_IRQHandler
                0x0000000008000268                TIM8_UP_IRQHandler
                0x0000000008000268                RTC_ALARM_IRQHandler
                0x0000000008000268                SAI2_IRQHandler
                0x0000000008000268                DFSDM1_FLT3_IRQHandler
                0x0000000008000268                DMA1_CH6_IRQHandler
                0x0000000008000268                USART3_IRQHandler
                0x0000000008000268                CAN1_RX1_IRQHandler
                0x0000000008000268                LCD_IRQHandler
                0x0000000008000268                UART5_IRQHandler
                0x0000000008000268                ADC3_IRQHandler
                0x0000000008000268                TIM4_IRQHandler
                0x0000000008000268                QUADSPI_IRQHandler
                0x0000000008000268                I2C1_EV_IRQHandler
                0x0000000008000268                DMA2_CH5_IRQHandler
                0x0000000008000268                UART4_IRQHandler
                0x0000000008000268                DMA1_CH3_IRQHandler
                0x0000000008000268                TIM3_IRQHandler
                0x0000000008000268                RCC_IRQHandler
                0x0000000008000268                Default_Handler
                0x0000000008000268                EXTI15_10_IRQHandler
                0x0000000008000268                TIM7_IRQHandler
                0x0000000008000268                SDMMC1_IRQHandler
                0x0000000008000268                TIM5_IRQHandler
                0x0000000008000268                I2C3_EV_IRQHandler
                0x0000000008000268                EXTI9_5_IRQHandler
                0x0000000008000268                DMA1_CH2_IRQHandler
                0x0000000008000268                RTC_WKUP_IRQHandler
                0x0000000008000268                PVD_PVM_IRQHandler
                0x0000000008000268                SPI2_IRQHandler
                0x0000000008000268                DMA1_CH1_IRQHandler
                0x0000000008000268                Debug_Handler
                0x0000000008000268                MemManage_Handler
                0x0000000008000268                CAN1_TX_IRQHandler
                0x0000000008000268                EXTI4_IRQHandler
                0x0000000008000268                RNG_IRQHandler
                0x0000000008000268                TIM1_TRG_COM_TIM17_IRQHandler
                0x0000000008000268                COMP_IRQHandler
                0x0000000008000268                WWDG_IRQHandler
                0x0000000008000268                LPUART1_IRQHandler
                0x0000000008000268                TIM2_IRQHandler
                0x0000000008000268                EXTI1_IRQHandler
                0x0000000008000268                AES_IRQHandler
                0x0000000008000268                USART2_IRQHandler
                0x0000000008000268                DFSDM1_FLT0_IRQHandler
                0x0000000008000268                I2C2_ER_IRQHandler
                0x0000000008000268                TIM8_BRK_IRQHandler
                0x0000000008000268                CAN1_SCE_IRQHandler
                0x0000000008000268                FLASH_IRQHandler
                0x0000000008000268                BusFault_Handler
                0x0000000008000268                USART1_IRQHandler
                0x0000000008000268                OTG_FS_IRQHandler
                0x0000000008000268                SPI3_IRQHandler
                0x0000000008000268                DMA2_CH6_IRQHandler
                0x0000000008000268                DMA2_CH3_IRQHandler
                0x0000000008000268                DMA2_CH2_IRQHandler
                0x0000000008000268                I2C1_ER_IRQHandler
                0x0000000008000268                FMC_IRQHandler
                0x0000000008000268                DMA1_CH5_IRQHandler
                0x0000000008000268                DMA2_CH4_IRQHandler
                0x0000000008000268                SWPMI1_IRQHandler
                0x0000000008000268                LPTIM1_IRQHandler
                0x0000000008000268                RTC_TAMP_STAMP_IRQHandler
                0x0000000008000268                SAI1_IRQHandler
                0x0000000008000268                TIM1_BRK_TIM15_IRQHandler
                0x000000000800026e                Reset_Handler
 *(.rodata)
 .rodata        0x00000000080002f8        0x5 main.o
                0x00000000080002f8                const_v_1
                0x00000000080002fc                const_v_3
                0x0000000008000300                . = ALIGN (0x4)
 *fill*         0x00000000080002fd        0x3 
                0x0000000008000300                _etext = .

.glue_7         0x0000000008000300        0x0
 .glue_7        0x0000000008000300        0x0 linker stubs

.glue_7t        0x0000000008000300        0x0
 .glue_7t       0x0000000008000300        0x0 linker stubs

.vfp11_veneer   0x0000000008000300        0x0
 .vfp11_veneer  0x0000000008000300        0x0 linker stubs

.v4_bx          0x0000000008000300        0x0
 .v4_bx         0x0000000008000300        0x0 linker stubs

.iplt           0x0000000008000300        0x0
 .iplt          0x0000000008000300        0x0 main.o

.rel.dyn        0x0000000008000300        0x0
 .rel.iplt      0x0000000008000300        0x0 main.o

.data           0x0000000020000000        0x0 load address 0x0000000008000300
                0x0000000020000000                _sdata = .
 *(.data)
 .data          0x0000000020000000        0x0 main.o
 .data          0x0000000020000000        0x0 stm32_startup.o
                0x0000000020000000                . = ALIGN (0x4)
                0x0000000020000000                _edata = .

.igot.plt       0x0000000020000000        0x0 load address 0x0000000008000300
 .igot.plt      0x0000000020000000        0x0 main.o

.bss            0x0000000020000000        0x0 load address 0x0000000008000300
                0x0000000020000000                _sbss = .
 *(.bss)
 .bss           0x0000000020000000        0x0 main.o
 .bss           0x0000000020000000        0x0 stm32_startup.o
                0x0000000020000000                _ebss = .
OUTPUT(final.elf elf32-littlearm)
LOAD linker stubs

.comment        0x0000000000000000       0x4c
 .comment       0x0000000000000000       0x4c main.o
                                         0x4d (size before relaxing)
 .comment       0x000000000000004c       0x4d stm32_startup.o

.ARM.attributes
                0x0000000000000000       0x2e
 .ARM.attributes
                0x0000000000000000       0x2e main.o
 .ARM.attributes
                0x000000000000002e       0x2e stm32_startup.o
